ASxxxx Linker V03.00 + NoICE + sdld,  page 1.
Hexadecimal  [32-Bits]

Area                                    Addr        Size        Decimal Bytes (Attributes)
--------------------------------        ----        ----        ------- ----- ------------
.  .ABS.                            00000000    00000000 =           0. bytes (ABS,CON)

      Value  Global                              Global Defined In Module
      -----  --------------------------------   ------------------------
     00000000  .__.ABS.                           cpct_video
     00000000  l__CABS                         
     00000000  l__DABS                         
     00000000  l__DATA                         
     00000000  l__GSFINAL                      
     00000000  l__GSINIT                       
     00000000  l__HOME                         
     00000000  l__INITIALIZED                  
     00000000  l__INITIALIZER                  
     00000000  s__CABS                         
     00000000  s__DABS                         
     000002EE  l__CODE                         
     00004000  s__CODE                         
     000042EE  s__DATA                         
     000042EE  s__GSFINAL                      
     000042EE  s__GSINIT                       
     000042EE  s__HOME                         
     000042EE  s__INITIALIZED                  
     000042EE  s__INITIALIZER                  

ASxxxx Linker V03.00 + NoICE + sdld,  page 2.
Hexadecimal  [32-Bits]

Area                                    Addr        Size        Decimal Bytes (Attributes)
--------------------------------        ----        ----        ------- ----- ------------
_CODE                               00004000    000002EE =         750. bytes (REL,CON)

      Value  Global                              Global Defined In Module
      -----  --------------------------------   ------------------------
     00004000  _sp_shoot                          shoot
     00004080  _sp_enemy_ship                     enemy
     00004100  _sp_player_ship                    nave
     00004180  _g_palette                         g_palette
     00004190  _main                              main
     000041F1  _cpct_setPalette                   cpct_video
     00004208  _cpct_setPALColour                 cpct_video
     00004214  _cpct_drawSprite                   cpct_sprites
     000042B9  _cpct_setVideoMode                 cpct_video
     000042C7  _cpct_disableFirmware              cpct_firmware
     000042C7  _cpct_removeInterruptHandler       cpct_firmware
     000042C7  cpct_disableFirmware_asm           cpct_firmware
     000042C7  cpct_removeInterruptHandler_asm    cpct_firmware
     000042D7  _cpct_mode_rom_status              cpct_firmware
     000042D8  _cpct_getScreenPtr                 cpct_video
ASxxxx Linker V03.00 + NoICE + sdld,  page 3.

Files Linked                              [ module(s) ]

obj/sprites/shoot.rel                     [ shoot ]
obj/sprites/enemy.rel                     [ enemy ]
obj/sprites/nave.rel                      [ nave ]
obj/sprites/g_palette.rel                 [ g_palette ]
obj/main.rel                              [ main ]


Libraries Linked                          [ object file ]

/home/bishoport/Escritorio/CPCTELERA/cpctelera/cpctelera/cpctelera.lib
                                          [ cpct_setPalette_cbindings.rel ]
/home/bishoport/Escritorio/CPCTELERA/cpctelera/cpctelera/cpctelera.lib
                                          [ cpct_setPALColour_cbindings.rel ]
/home/bishoport/Escritorio/CPCTELERA/cpctelera/cpctelera/cpctelera.lib
                                          [ cpct_drawSprite_cbindings.rel ]
/home/bishoport/Escritorio/CPCTELERA/cpctelera/cpctelera/cpctelera.lib
                                          [ cpct_setVideoMode_cbindings.rel ]
/home/bishoport/Escritorio/CPCTELERA/cpctelera/cpctelera/cpctelera.lib
                                          [ cpct_removeInterruptHandler.rel ]
/home/bishoport/Escritorio/CPCTELERA/cpctelera/cpctelera/cpctelera.lib
                                          [ cpc_mode_rom_status.rel ]
/home/bishoport/Escritorio/CPCTELERA/cpctelera/cpctelera/cpctelera.lib
                                          [ cpct_getScreenPtr_cbindings.rel ]

ASxxxx Linker V03.00 + NoICE + sdld,  page 4.

User Base Address Definitions

_CODE = 0x4000
_DATA = 0x0000

