ASxxxx Linker V03.00 + NoICE + sdld,  page 1.
Hexadecimal  [32-Bits]

Area                                    Addr        Size        Decimal Bytes (Attributes)
--------------------------------        ----        ----        ------- ----- ------------
.  .ABS.                            00000000    00000000 =           0. bytes (ABS,CON)

      Value  Global                              Global Defined In Module
      -----  --------------------------------   ------------------------
     00000000  .__.ABS.                           cpct_video
     00000000  l__CABS                         
     00000000  l__DABS                         
     00000000  l__DATA                         
     00000000  l__GSFINAL                      
     00000000  l__GSINIT                       
     00000000  l__HOME                         
     00000000  l__INITIALIZED                  
     00000000  l__INITIALIZER                  
     00000000  s__CABS                         
     00000000  s__DABS                         
     0000031E  l__CODE                         
     00004000  s__CODE                         
     0000431E  s__DATA                         
     0000431E  s__GSFINAL                      
     0000431E  s__GSINIT                       
     0000431E  s__HOME                         
     0000431E  s__INITIALIZED                  
     0000431E  s__INITIALIZER                  

ASxxxx Linker V03.00 + NoICE + sdld,  page 2.
Hexadecimal  [32-Bits]

Area                                    Addr        Size        Decimal Bytes (Attributes)
--------------------------------        ----        ----        ------- ----- ------------
_CODE                               00004000    0000031E =         798. bytes (REL,CON)

      Value  Global                              Global Defined In Module
      -----  --------------------------------   ------------------------
     00004000  _sp_shoot                          shoot
     00004080  _sp_enemy_ship                     enemy
     00004100  _sp_player_ship                    nave
     00004180  _g_palette                         g_palette
     00004190  _drawPlayer                        main
     000041A8  _drawEnemy                         main
     000041CF  _drawShoot                         main
     000041E7  _main                              main
     00004219  _cpct_setPalette                   cpct_video
     00004230  _cpct_setPALColour                 cpct_video
     0000423C  _cpct_drawSprite                   cpct_sprites
     000042E1  _cpct_waitVSYNC                    cpct_video
     000042E1  cpct_waitVSYNC_asm                 cpct_video
     000042E9  _cpct_setVideoMode                 cpct_video
     000042F7  _cpct_disableFirmware              cpct_firmware
     000042F7  _cpct_removeInterruptHandler       cpct_firmware
     000042F7  cpct_disableFirmware_asm           cpct_firmware
     000042F7  cpct_removeInterruptHandler_asm    cpct_firmware
     00004307  _cpct_mode_rom_status              cpct_firmware
     00004308  _cpct_getScreenPtr                 cpct_video

ASxxxx Linker V03.00 + NoICE + sdld,  page 3.

Files Linked                              [ module(s) ]

obj/sprites/shoot.rel                     [ shoot ]
obj/sprites/enemy.rel                     [ enemy ]
obj/sprites/nave.rel                      [ nave ]
obj/sprites/g_palette.rel                 [ g_palette ]
obj/main.rel                              [ main ]


Libraries Linked                          [ object file ]

/home/bishoport/Escritorio/CPCTELERA/cpctelera/cpctelera/cpctelera.lib
                                          [ cpct_setPalette_cbindings.rel ]
/home/bishoport/Escritorio/CPCTELERA/cpctelera/cpctelera/cpctelera.lib
                                          [ cpct_setPALColour_cbindings.rel ]
/home/bishoport/Escritorio/CPCTELERA/cpctelera/cpctelera/cpctelera.lib
                                          [ cpct_drawSprite_cbindings.rel ]
/home/bishoport/Escritorio/CPCTELERA/cpctelera/cpctelera/cpctelera.lib
                                          [ cpct_waitVSYNC.rel ]
/home/bishoport/Escritorio/CPCTELERA/cpctelera/cpctelera/cpctelera.lib
                                          [ cpct_setVideoMode_cbindings.rel ]
/home/bishoport/Escritorio/CPCTELERA/cpctelera/cpctelera/cpctelera.lib
                                          [ cpct_removeInterruptHandler.rel ]
/home/bishoport/Escritorio/CPCTELERA/cpctelera/cpctelera/cpctelera.lib
                                          [ cpc_mode_rom_status.rel ]
/home/bishoport/Escritorio/CPCTELERA/cpctelera/cpctelera/cpctelera.lib
                                          [ cpct_getScreenPtr_cbindings.rel ]

ASxxxx Linker V03.00 + NoICE + sdld,  page 4.

User Base Address Definitions

_CODE = 0x4000
_DATA = 0x0000

